[probe retry 1/3] S000 id/task_005 WorkerError: worker timed out after 600s on reset
[probe retry 1/3] S000 transfer/task_002 WorkerError: reset failed: TimeoutError: Error encountered when running action {'action': 
[raw_memory] S000 probe PASS (unchanged=True infra=0)
[raw_memory] experience 1/30 39a9f8a930eb004a155843c1 success=False env_steps=8 state_changed=True (68s)
[raw_memory] experience 2/30 8ea46e8d0b384acee00f5984 success=False env_steps=5 state_changed=True (149s)
[raw_memory] experience 3/30 7802f5fb304e2e4e21b38427 success=False env_steps=8 state_changed=True (142s)
[raw_memory] experience 4/30 fda43d9972133290afc4e4f8 success=False env_steps=4 state_changed=True (457s)
[raw_memory] experience 5/30 8901c7d48b4d1bd6f22c78a9 success=False env_steps=8 state_changed=True (157s)
[raw_memory] experience 6/30 118ab8288a38e5aaa5fc0620 success=False env_steps=8 state_changed=True (166s)
[raw_memory] experience 7/30 fd44b1790c66485aae012861 success=False env_steps=3 state_changed=True (213s)
[raw_memory] experience 8/30 024f0f6a00587246b173332c success=False env_steps=8 state_changed=True (145s)
[raw_memory] experience 9/30 d46bfd9c78877123e3a33459 success=False env_steps=6 state_changed=True (349s)
[raw_memory] experience 10/30 254490a0a79cf4400009b339 success=False env_steps=8 state_changed=True (140s)
[raw_memory] experience 11/30 48f70d107f5b702a2eb39617 success=False env_steps=2 state_changed=True (59s)
[raw_memory] experience 12/30 b4b66ccef4b6574a03487ec7 success=False env_steps=8 state_changed=True (163s)
[raw_memory] experience 13/30 4a97f0840bafb152996f2e80 success=False env_steps=0 state_changed=True (64s)
[raw_memory] experience 14/30 ac94d453797c68aa2ca35c40 success=False env_steps=8 state_changed=True (333s)
[raw_memory] experience 15/30 af7d9cda2ce61e372c12e879 success=False env_steps=8 state_changed=True (206s)
[raw_memory] experience 16/30 af42691cc783441286a66457 success=False env_steps=8 state_changed=True (139s)
[raw_memory] experience 17/30 e0a791f31631dab6573c5e31 success=True env_steps=5 state_changed=True (45s)
[raw_memory] experience 18/30 78a6df9d17c48d835eb5061f success=False env_steps=8 state_changed=True (213s)
[raw_memory] experience 19/30 79549635dc9c8e77c5cb5350 success=False env_steps=8 state_changed=True (165s)
[raw_memory] experience 20/30 a625628e54f6da76a4839471 success=False env_steps=8 state_changed=True (59s)
[raw_memory] experience 21/30 8132995f6c1233b67a77fc77 success=False env_steps=6 state_changed=True (276s)
[raw_memory] experience 22/30 07e959ea67b68ed3096ea5b5 success=False env_steps=8 state_changed=True (118s)
[raw_memory] experience 23/30 4c1a2c8453807a70b177d912 success=False env_steps=8 state_changed=True (90s)
[raw_memory] experience 24/30 b2711b84d576de87f3a06e22 success=False env_steps=8 state_changed=True (190s)
[raw_memory] experience 25/30 c328b6e02a5e37f4670f3f06 success=False env_steps=8 state_changed=True (181s)
[raw_memory] experience 26/30 24623e5f57bf49ffcadf1744 success=False env_steps=7 state_changed=True (128s)
[raw_memory] experience 27/30 5c41ee1d4160f8bbbc2aea18 success=False env_steps=8 state_changed=True (192s)
[raw_memory] experience 28/30 cf68b1e84949b3893e84e45b success=False env_steps=8 state_changed=True (128s)
[raw_memory] experience 29/30 f1e99d709afa71fcf72e3312 success=False env_steps=8 state_changed=True (207s)
[raw_memory] experience 30/30 d2aa0cdd7ecc9aad2e914919 success=False env_steps=8 state_changed=True (68s)
